// Vitest Snapshot v1, https://vitest.dev/guide/snapshot.html

exports[`App Component > should match snapshot 1`] = `
<div>
  <div
    class="min-h-screen bg-gray-50"
  >
    <header
      class="bg-white shadow-sm border-b border-gray-200"
    >
      <div
        class="max-w-7xl mx-auto px-4 sm:px-6 lg:px-8"
      >
        <div
          class="flex justify-between items-center py-6"
        >
          <div
            class="flex items-center"
          >
            <h1
              class="text-2xl font-bold text-gray-900"
            >
              TappHA
            </h1>
            <span
              class="ml-2 text-sm text-gray-500"
            >
              Home Assistant Integration
            </span>
          </div>
          <nav
            class="flex space-x-8"
          >
            <a
              class="text-gray-500 hover:text-gray-700 px-3 py-2 rounded-md text-sm font-medium"
              href="/dashboard"
            >
              Dashboard
            </a>
            <a
              class="text-gray-500 hover:text-gray-700 px-3 py-2 rounded-md text-sm font-medium"
              href="/connections"
            >
              Connections
            </a>
            <a
              class="text-gray-500 hover:text-gray-700 px-3 py-2 rounded-md text-sm font-medium"
              href="/events"
            >
              Events
            </a>
          </nav>
        </div>
      </div>
    </header>
    <main
      class="max-w-7xl mx-auto py-6 sm:px-6 lg:px-8"
    >
      <div
        class="flex items-center justify-center min-h-screen"
      >
        <div
          class="text-center"
        >
          <h2
            class="text-2xl font-bold text-gray-900 mb-4"
          >
            Authentication Required
          </h2>
          <p
            class="text-gray-600 mb-4"
          >
            Please log in to access this page.
          </p>
          <button
            class="btn-primary"
          >
            Go to Login
          </button>
        </div>
      </div>
      <div
        id="login-route"
        style="display: none;"
      >
        <div
          class="min-h-screen flex items-center justify-center bg-gray-50 py-12 px-4 sm:px-6 lg:px-8"
        >
          <div
            class="max-w-md w-full space-y-8"
          >
            <div>
              <h2
                class="mt-6 text-center text-3xl font-extrabold text-gray-900"
              >
                Sign in to TappHA
              </h2>
              <p
                class="mt-2 text-center text-sm text-gray-600"
              >
                Home Assistant Integration Platform
              </p>
            </div>
            <form
              class="mt-8 space-y-6"
            >
              <div
                class="space-y-4"
              >
                <div>
                  <label
                    class="block text-sm font-medium text-gray-700"
                    for="username"
                  >
                    Username
                  </label>
                  <input
                    autocomplete="username"
                    class="mt-1 block w-full px-3 py-2 border rounded-md shadow-sm placeholder-gray-400 focus:outline-none focus:ring-primary-500 focus:border-primary-500 sm:text-sm border-gray-300"
                    id="username"
                    name="username"
                    placeholder="Enter your username"
                    required=""
                    type="text"
                    value=""
                  />
                </div>
                <div>
                  <label
                    class="block text-sm font-medium text-gray-700"
                    for="password"
                  >
                    Password
                  </label>
                  <input
                    autocomplete="current-password"
                    class="mt-1 block w-full px-3 py-2 border rounded-md shadow-sm placeholder-gray-400 focus:outline-none focus:ring-primary-500 focus:border-primary-500 sm:text-sm border-gray-300"
                    id="password"
                    name="password"
                    placeholder="Enter your password"
                    required=""
                    type="password"
                    value=""
                  />
                </div>
              </div>
              <div>
                <button
                  class="group relative w-full flex justify-center py-2 px-4 border border-transparent text-sm font-medium rounded-md text-white focus:outline-none focus:ring-2 focus:ring-offset-2 focus:ring-primary-500 bg-primary-600 hover:bg-primary-700"
                  type="submit"
                >
                  Sign in
                </button>
              </div>
              <div
                class="flex items-center justify-between"
              >
                <div
                  class="text-sm"
                >
                  <a
                    class="font-medium text-primary-600 hover:text-primary-500"
                    href="/forgot-password"
                  >
                    Forgot your password?
                  </a>
                </div>
                <div
                  class="text-sm"
                >
                  <a
                    class="font-medium text-primary-600 hover:text-primary-500"
                    href="/register"
                  >
                    Don't have an account?
                  </a>
                </div>
              </div>
            </form>
          </div>
        </div>
      </div>
    </main>
  </div>
</div>
`;
